// Jest Snapshot v1, https://goo.gl/fbAQLP

exports[`Should render ExpenseListItem with expenses 1`] = `
<div>
  <Link
    to="/edit/2"
  >
    <h3>
      test two
    </h3>
  </Link>
  <p>
    1
    -
    December 28th, 1969
  </p>
</div>
`;
