// Jest Snapshot v1, https://goo.gl/fbAQLP

exports[`Should render Header correctly 1`] = `
<header>
  <h1>
    Expense App
  </h1>
  <ForwardRef
    activeClassName="is-active"
    exact={true}
    to="/"
  >
    Dashboard
  </ForwardRef>
  <ForwardRef
    activeClassName="is-active"
    to="/create"
  >
    Add Expense
  </ForwardRef>
  <ForwardRef
    activeClassName="is-active"
    to="/edit"
  >
    Edit Expense
  </ForwardRef>
  <ForwardRef
    activeClassName="is-active"
    to="/help"
  >
    Help Page
  </ForwardRef>
</header>
`;
